// Vitest Snapshot v1, https://vitest.dev/guide/snapshot.html

exports[`Button Component Snapshot > should match the snapshot 1`] = `
<DocumentFragment>
  <button>
    Click Me
  </button>
</DocumentFragment>
`;
